RAM Allocation
Variable                                                          Address   Size
--------------------------------------------------------------------------------
d2                                                                0x0514       2
d4                                                                0x0516       2
inToLCD                                                           0x0518       2
comp                                                              0x051A       2
shap                                                              0x051C       2
homePassword                                                      0x051E      20
num_in                                                            0x0532      10
sum                                                               0x053C       2
comp_ho                                                           0x053E       2
str                                                               0x0540       8
str1                                                              0x0548      12
rightPW                                                           0x0554       9
one                                                               0x055D       2
two                                                               0x055F       2
three                                                             0x0561       2
four                                                              0x0563       2
five                                                              0x0565       2
six                                                               0x0567       2
seven                                                             0x0569       2
eight                                                             0x056B       2
nine                                                              0x056D       2
zero                                                              0x056F       2
star                                                              0x0571       2
PressPW                                                           0x0573       8

EEPROM Allocation
Variable                                                          Address   Size
--------------------------------------------------------------------------------

Register Allocation
Variable                                                          Register  Size
--------------------------------------------------------------------------------
m1                                                                R4,R5        2
m2                                                                R6,R7        2
m3                                                                R8,R9        2
m4                                                                R10,R11      2
d1                                                                R12,R13      2
